[     998ms] [LOG] [HMR] connected @ http://localhost:3000/_next/static/chunks/node_modules_next_dist_115brz8._.js:2477
[    2019ms] [INFO] %cDownload the React DevTools for a better development experience: https://react.dev/link/react-devtools font-weight:bold @ http://localhost:3000/_next/static/chunks/node_modules_next_dist_115brz8._.js:2477
[    2040ms] [LOG] [HMR] connected @ http://localhost:3000/_next/static/chunks/node_modules_next_dist_115brz8._.js:2477
[   14017ms] [ERROR] Failed to load resource: net::ERR_CONNECTION_TIMED_OUT @ https://map.geoq.cn/ArcGIS/rest/services/ChinaOnlineStreetPurplishBlue/MapServer/tile/4/7/11:0
[   14018ms] [ERROR] Failed to load resource: net::ERR_CONNECTION_TIMED_OUT @ https://map.geoq.cn/ArcGIS/rest/services/ChinaOnlineStreetPurplishBlue/MapServer/tile/4/7/10:0
[   14018ms] [ERROR] Failed to load resource: net::ERR_CONNECTION_TIMED_OUT @ https://map.geoq.cn/ArcGIS/rest/services/ChinaOnlineStreetPurplishBlue/MapServer/tile/4/6/10:0
[   14018ms] [ERROR] Failed to load resource: net::ERR_CONNECTION_TIMED_OUT @ https://map.geoq.cn/ArcGIS/rest/services/ChinaOnlineStreetPurplishBlue/MapServer/tile/4/6/15:0
[   14018ms] [ERROR] Failed to load resource: net::ERR_CONNECTION_TIMED_OUT @ https://map.geoq.cn/ArcGIS/rest/services/ChinaOnlineStreetPurplishBlue/MapServer/tile/4/6/11:0
[   14061ms] [ERROR] Failed to load resource: net::ERR_CONNECTION_TIMED_OUT @ https://map.geoq.cn/ArcGIS/rest/services/ChinaOnlineStreetPurplishBlue/MapServer/tile/4/5/11:0
[   35050ms] [ERROR] Failed to load resource: net::ERR_CONNECTION_TIMED_OUT @ https://map.geoq.cn/ArcGIS/rest/services/ChinaOnlineStreetPurplishBlue/MapServer/tile/4/6/14:0
[   35050ms] [ERROR] Failed to load resource: net::ERR_CONNECTION_TIMED_OUT @ https://map.geoq.cn/ArcGIS/rest/services/ChinaOnlineStreetPurplishBlue/MapServer/tile/4/7/15:0
[   35050ms] [ERROR] Failed to load resource: net::ERR_CONNECTION_TIMED_OUT @ https://map.geoq.cn/ArcGIS/rest/services/ChinaOnlineStreetPurplishBlue/MapServer/tile/4/5/15:0
[   35051ms] [ERROR] Failed to load resource: net::ERR_CONNECTION_TIMED_OUT @ https://map.geoq.cn/ArcGIS/rest/services/ChinaOnlineStreetPurplishBlue/MapServer/tile/4/5/14:0
[   35051ms] [ERROR] Failed to load resource: net::ERR_CONNECTION_TIMED_OUT @ https://map.geoq.cn/ArcGIS/rest/services/ChinaOnlineStreetPurplishBlue/MapServer/tile/4/7/14:0
[   35063ms] [ERROR] Failed to load resource: net::ERR_CONNECTION_TIMED_OUT @ https://map.geoq.cn/ArcGIS/rest/services/ChinaOnlineStreetPurplishBlue/MapServer/tile/4/5/10:0
[   43529ms] [LOG] [Fast Refresh] rebuilding @ http://localhost:3000/_next/static/chunks/node_modules_next_dist_115brz8._.js:2477
[   44542ms] [LOG] [HMR] connected @ http://localhost:3000/_next/static/chunks/node_modules_next_dist_115brz8._.js:2477
[   44549ms] [LOG] [Fast Refresh] rebuilding @ http://localhost:3000/_next/static/chunks/node_modules_next_dist_115brz8._.js:2477
[   45316ms] [INFO] %cDownload the React DevTools for a better development experience: https://react.dev/link/react-devtools font-weight:bold @ http://localhost:3000/_next/static/chunks/node_modules_next_dist_115brz8._.js:2477
[   45345ms] [LOG] [HMR] connected @ http://localhost:3000/_next/static/chunks/node_modules_next_dist_115brz8._.js:2477
[   45744ms] [LOG] [Fast Refresh] rebuilding @ http://localhost:3000/_next/static/chunks/node_modules_next_dist_115brz8._.js:2477
[   46034ms] [LOG] [Fast Refresh] done in 162ms @ http://localhost:3000/_next/static/chunks/node_modules_next_dist_115brz8._.js:2477
[   54972ms] [LOG] [Fast Refresh] rebuilding @ http://localhost:3000/_next/static/chunks/node_modules_next_dist_115brz8._.js:2477
[   55165ms] [LOG] [Fast Refresh] done in 102ms @ http://localhost:3000/_next/static/chunks/node_modules_next_dist_115brz8._.js:2477
[   56101ms] [ERROR] Failed to load resource: net::ERR_CONNECTION_TIMED_OUT @ https://map.geoq.cn/ArcGIS/rest/services/ChinaOnlineStreetPurplishBlue/MapServer/tile/4/5/10:0
[   56102ms] [ERROR] Failed to load resource: net::ERR_CONNECTION_TIMED_OUT @ https://map.geoq.cn/ArcGIS/rest/services/ChinaOnlineStreetPurplishBlue/MapServer/tile/4/6/14:0
[   56103ms] [ERROR] Failed to load resource: net::ERR_CONNECTION_TIMED_OUT @ https://map.geoq.cn/ArcGIS/rest/services/ChinaOnlineStreetPurplishBlue/MapServer/tile/4/7/11:0
[   56103ms] [ERROR] Failed to load resource: net::ERR_CONNECTION_TIMED_OUT @ https://map.geoq.cn/ArcGIS/rest/services/ChinaOnlineStreetPurplishBlue/MapServer/tile/4/6/15:0
[   56103ms] [ERROR] Failed to load resource: net::ERR_CONNECTION_TIMED_OUT @ https://map.geoq.cn/ArcGIS/rest/services/ChinaOnlineStreetPurplishBlue/MapServer/tile/4/7/14:0
[   56114ms] [ERROR] Failed to load resource: net::ERR_CONNECTION_TIMED_OUT @ https://map.geoq.cn/ArcGIS/rest/services/ChinaOnlineStreetPurplishBlue/MapServer/tile/4/7/10:0
[   71404ms] [LOG] [Fast Refresh] rebuilding @ http://localhost:3000/_next/static/chunks/node_modules_next_dist_115brz8._.js:2477
[   71420ms] [LOG] [Fast Refresh] done in 119ms @ http://localhost:3000/_next/static/chunks/node_modules_next_dist_115brz8._.js:2477
[   77152ms] [ERROR] Failed to load resource: net::ERR_CONNECTION_TIMED_OUT @ https://map.geoq.cn/ArcGIS/rest/services/ChinaOnlineStreetPurplishBlue/MapServer/tile/4/6/10:0
[   77154ms] [ERROR] Failed to load resource: net::ERR_CONNECTION_TIMED_OUT @ https://map.geoq.cn/ArcGIS/rest/services/ChinaOnlineStreetPurplishBlue/MapServer/tile/4/5/15:0
[   77154ms] [ERROR] Failed to load resource: net::ERR_CONNECTION_TIMED_OUT @ https://map.geoq.cn/ArcGIS/rest/services/ChinaOnlineStreetPurplishBlue/MapServer/tile/4/7/15:0
[   77154ms] [ERROR] Failed to load resource: net::ERR_CONNECTION_TIMED_OUT @ https://map.geoq.cn/ArcGIS/rest/services/ChinaOnlineStreetPurplishBlue/MapServer/tile/4/6/11:0
[   77154ms] [ERROR] Failed to load resource: net::ERR_CONNECTION_TIMED_OUT @ https://map.geoq.cn/ArcGIS/rest/services/ChinaOnlineStreetPurplishBlue/MapServer/tile/4/5/11:0
[   77154ms] [ERROR] Failed to load resource: net::ERR_CONNECTION_TIMED_OUT @ https://map.geoq.cn/ArcGIS/rest/services/ChinaOnlineStreetPurplishBlue/MapServer/tile/4/5/14:0
