[    1872ms] [INFO] %cDownload the React DevTools for a better development experience: https://react.dev/link/react-devtools font-weight:bold @ http://localhost:3000/_next/static/chunks/node_modules_next_dist_115brz8._.js:2477
[    1908ms] [LOG] [HMR] connected @ http://localhost:3000/_next/static/chunks/node_modules_next_dist_115brz8._.js:2477
[    2115ms] [LOG] [Fast Refresh] rebuilding @ http://localhost:3000/_next/static/chunks/node_modules_next_dist_115brz8._.js:2477
[    2116ms] [LOG] [Fast Refresh] done in 101ms @ http://localhost:3000/_next/static/chunks/node_modules_next_dist_115brz8._.js:2477
[    7640ms] [LOG] [Fast Refresh] rebuilding @ http://localhost:3000/_next/static/chunks/node_modules_next_dist_115brz8._.js:2477
[    7641ms] [LOG] [Fast Refresh] done in 110ms @ http://localhost:3000/_next/static/chunks/node_modules_next_dist_115brz8._.js:2477
[   13673ms] [ERROR] Failed to load resource: net::ERR_CONNECTION_TIMED_OUT @ https://map.geoq.cn/ArcGIS/rest/services/ChinaOnlineStreetPurplishBlue/MapServer/tile/4/5/11:0
[   13675ms] [ERROR] Failed to load resource: net::ERR_CONNECTION_TIMED_OUT @ https://map.geoq.cn/ArcGIS/rest/services/ChinaOnlineStreetPurplishBlue/MapServer/tile/4/7/15:0
[   13675ms] [ERROR] Failed to load resource: net::ERR_CONNECTION_TIMED_OUT @ https://map.geoq.cn/ArcGIS/rest/services/ChinaOnlineStreetPurplishBlue/MapServer/tile/4/5/14:0
[   13675ms] [ERROR] Failed to load resource: net::ERR_CONNECTION_TIMED_OUT @ https://map.geoq.cn/ArcGIS/rest/services/ChinaOnlineStreetPurplishBlue/MapServer/tile/4/7/11:0
[   13675ms] [ERROR] Failed to load resource: net::ERR_CONNECTION_TIMED_OUT @ https://map.geoq.cn/ArcGIS/rest/services/ChinaOnlineStreetPurplishBlue/MapServer/tile/4/6/11:0
[   13675ms] [ERROR] Failed to load resource: net::ERR_CONNECTION_TIMED_OUT @ https://map.geoq.cn/ArcGIS/rest/services/ChinaOnlineStreetPurplishBlue/MapServer/tile/4/5/15:0
[   28777ms] [LOG] [Fast Refresh] rebuilding @ http://localhost:3000/_next/static/chunks/node_modules_next_dist_115brz8._.js:2477
[   28778ms] [LOG] [Fast Refresh] done in 113ms @ http://localhost:3000/_next/static/chunks/node_modules_next_dist_115brz8._.js:2477
[   34748ms] [ERROR] Failed to load resource: net::ERR_CONNECTION_TIMED_OUT @ https://a.basemaps.cartocdn.com/dark_all/4/15/6.png:0
[   34750ms] [ERROR] Failed to load resource: net::ERR_CONNECTION_TIMED_OUT @ https://a.basemaps.cartocdn.com/dark_all/4/14/7.png:0
[   34750ms] [ERROR] Failed to load resource: net::ERR_CONNECTION_TIMED_OUT @ https://a.basemaps.cartocdn.com/dark_all/4/12/6.png:0
[   34750ms] [ERROR] Failed to load resource: net::ERR_CONNECTION_TIMED_OUT @ https://a.basemaps.cartocdn.com/dark_all/4/13/5.png:0
[   34750ms] [ERROR] Failed to load resource: net::ERR_CONNECTION_TIMED_OUT @ https://a.basemaps.cartocdn.com/dark_all/4/11/7.png:0
[   34750ms] [ERROR] Failed to load resource: net::ERR_CONNECTION_TIMED_OUT @ https://a.basemaps.cartocdn.com/dark_all/4/10/5.png:0
[   78225ms] [ERROR] Failed to load resource: net::ERR_CONNECTION_TIMED_OUT @ https://a.basemaps.cartocdn.com/dark_all/11/1672/812.png:0
[   78460ms] [ERROR] Failed to load resource: net::ERR_CONNECTION_TIMED_OUT @ https://a.basemaps.cartocdn.com/dark_all/11/1670/811.png:0
[   81628ms] [ERROR] Failed to load resource: net::ERR_CONNECTION_TIMED_OUT @ https://a.basemaps.cartocdn.com/dark_all/11/1668/813.png:0
[   81629ms] [ERROR] Failed to load resource: net::ERR_CONNECTION_TIMED_OUT @ https://a.basemaps.cartocdn.com/dark_all/11/1671/813.png:0
[   81629ms] [ERROR] Failed to load resource: net::ERR_CONNECTION_TIMED_OUT @ https://a.basemaps.cartocdn.com/dark_all/11/1667/811.png:0
[   81629ms] [ERROR] Failed to load resource: net::ERR_CONNECTION_TIMED_OUT @ https://a.basemaps.cartocdn.com/dark_all/11/1669/812.png:0
